* installing *source* package ‘AsianOption’ ...
** this is package ‘AsianOption’ version ‘0.2.0’
** using staged installation
** libs
using C++ compiler: ‘Apple clang version 17.0.0 (clang-1700.6.4.2)’
using SDK: ‘MacOSX26.2.sdk’
clang++ -arch arm64 -std=gnu++17 -I"/Library/Frameworks/R.framework/Resources/include" -DNDEBUG  -I'/Library/Frameworks/R.framework/Versions/4.5-arm64/Resources/library/Rcpp/include' -I/opt/R/arm64/include    -fPIC  -falign-functions=64 -Wall -g -O2   -c RcppExports.cpp -o RcppExports.o
clang++ -arch arm64 -std=gnu++17 -I"/Library/Frameworks/R.framework/Resources/include" -DNDEBUG  -I'/Library/Frameworks/R.framework/Versions/4.5-arm64/Resources/library/Rcpp/include' -I/opt/R/arm64/include    -fPIC  -falign-functions=64 -Wall -g -O2   -c arithmetic_asian_diffusion_mc.cpp -o arithmetic_asian_diffusion_mc.o
clang++ -arch arm64 -std=gnu++17 -I"/Library/Frameworks/R.framework/Resources/include" -DNDEBUG  -I'/Library/Frameworks/R.framework/Versions/4.5-arm64/Resources/library/Rcpp/include' -I/opt/R/arm64/include    -fPIC  -falign-functions=64 -Wall -g -O2   -c hjb_bellman.cpp -o hjb_bellman.o
clang++ -arch arm64 -std=gnu++17 -I"/Library/Frameworks/R.framework/Resources/include" -DNDEBUG  -I'/Library/Frameworks/R.framework/Versions/4.5-arm64/Resources/library/Rcpp/include' -I/opt/R/arm64/include    -fPIC  -falign-functions=64 -Wall -g -O2   -c kemna_vorst_mc.cpp -o kemna_vorst_mc.o
clang++ -arch arm64 -std=gnu++17 -dynamiclib -Wl,-headerpad_max_install_names -undefined dynamic_lookup -L/Library/Frameworks/R.framework/Resources/lib -L/opt/R/arm64/lib -o AsianOption.so RcppExports.o arithmetic_asian_diffusion_mc.o hjb_bellman.o kemna_vorst_mc.o -F/Library/Frameworks/R.framework/.. -framework R
installing to /Users/priyanshutiwari/asianoptions/AsianOption/AsianOption.Rcheck/00LOCK-AsianOption/00new/AsianOption/libs
** R
** inst
** byte-compile and prepare package for lazy loading
** help
*** installing help indices
** building package indices
** testing if installed package can be loaded from temporary location
** checking absolute paths in shared objects and dynamic libraries
** testing if installed package can be loaded from final location
** testing if installed package keeps a record of temporary installation path
* DONE (AsianOption)
