Hmm ... looks like a package
Converting parsed Rd's to LaTeX .
Creating pdf output from LaTeX ...

This is pdfTeX, Version 3.141592653-2.6-1.40.28 (TeX Live 2025) (preloaded format=pdflatex)
 restricted \write18 enabled.
entering extended mode
LaTeX2e <2025-11-01>
L3 programming layer <2025-10-24>
(./Rd2.tex
(/Users/priyanshutiwari/Library/TinyTeX/texmf-dist/tex/latex/base/book.cls
Document Class: book 2025/01/22 v1.4n Standard LaTeX document class
(/Users/priyanshutiwari/Library/TinyTeX/texmf-dist/tex/latex/base/bk10.clo)) (/Library/Frameworks/R.framework/Resources/share/texmf/tex/latex/Rd.sty (/Users/priyanshutiwari/Library/TinyTeX/texmf-dist/tex/latex/base/ifthen.sty) (/Users/priyanshutiwari/Library/TinyTeX/texmf-dist/tex/generic/iftex/iftex.sty) (/Users/priyanshutiwari/Library/TinyTeX/texmf-dist/tex/latex/tools/longtable.sty) (/Users/priyanshutiwari/Library/TinyTeX/texmf-dist/tex/latex/tools/bm.sty) (/Users/priyanshutiwari/Library/TinyTeX/texmf-dist/tex/latex/base/alltt.sty) (/Users/priyanshutiwari/Library/TinyTeX/texmf-dist/tex/latex/tools/verbatim.sty) (/Users/priyanshutiwari/Library/TinyTeX/texmf-dist/tex/latex/url/url.sty) (/Users/priyanshutiwari/Library/TinyTeX/texmf-dist/tex/latex/base/textcomp.sty) (/Users/priyanshutiwari/Library/TinyTeX/texmf-dist/tex/latex/amsmath/amsmath.sty
For additional information on amsmath, use the `?' option.
(/Users/priyanshutiwari/Library/TinyTeX/texmf-dist/tex/latex/amsmath/amstext.sty (/Users/priyanshutiwari/Library/TinyTeX/texmf-dist/tex/latex/amsmath/amsgen.sty)) (/Users/priyanshutiwari/Library/TinyTeX/texmf-dist/tex/latex/amsmath/amsbsy.sty) (/Users/priyanshutiwari/Library/TinyTeX/texmf-dist/tex/latex/amsmath/amsopn.sty)) (/Users/priyanshutiwari/Library/TinyTeX/texmf-dist/tex/latex/amsfonts/amsfonts.sty) (/Users/priyanshutiwari/Library/TinyTeX/texmf-dist/tex/latex/amsfonts/amssymb.sty) (/Users/priyanshutiwari/Library/TinyTeX/texmf-dist/tex/latex/amsfonts/eucal.sty) (/Users/priyanshutiwari/Library/TinyTeX/texmf-dist/tex/latex/base/fontenc.sty) (/Users/priyanshutiwari/Library/TinyTeX/texmf-dist/tex/latex/psnfss/times.sty) (/Users/priyanshutiwari/Library/TinyTeX/texmf-dist/tex/latex/inconsolata/zi4.sty `inconsolata-zi4' v1.12, 2019/05/17 Text macros for Inconsolata (msharpe) (/Users/priyanshutiwari/Library/TinyTeX/texmf-dist/tex/latex/xkeyval/xkeyval.sty (/Users/priyanshutiwari/Library/TinyTeX/texmf-dist/tex/generic/xkeyval/xkeyval.tex (/Users/priyanshutiwari/Library/TinyTeX/texmf-dist/tex/generic/xkeyval/xkvutils.tex (/Users/priyanshutiwari/Library/TinyTeX/texmf-dist/tex/generic/xkeyval/keyval.tex))))) (/Users/priyanshutiwari/Library/TinyTeX/texmf-dist/tex/latex/graphics/color.sty (/Users/priyanshutiwari/Library/TinyTeX/texmf-dist/tex/latex/graphics-cfg/color.cfg) (/Users/priyanshutiwari/Library/TinyTeX/texmf-dist/tex/latex/graphics-def/pdftex.def) (/Users/priyanshutiwari/Library/TinyTeX/texmf-dist/tex/latex/graphics/mathcolor.ltx)) (/Users/priyanshutiwari/Library/TinyTeX/texmf-dist/tex/latex/hyperref/hyperref.sty (/Users/priyanshutiwari/Library/TinyTeX/texmf-dist/tex/latex/kvsetkeys/kvsetkeys.sty) (/Users/priyanshutiwari/Library/TinyTeX/texmf-dist/tex/generic/kvdefinekeys/kvdefinekeys.sty) (/Users/priyanshutiwari/Library/TinyTeX/texmf-dist/tex/generic/pdfescape/pdfescape.sty (/Users/priyanshutiwari/Library/TinyTeX/texmf-dist/tex/generic/ltxcmds/ltxcmds.sty) (/Users/priyanshutiwari/Library/TinyTeX/texmf-dist/tex/generic/pdftexcmds/pdftexcmds.sty (/Users/priyanshutiwari/Library/TinyTeX/texmf-dist/tex/generic/infwarerr/infwarerr.sty))) (/Users/priyanshutiwari/Library/TinyTeX/texmf-dist/tex/latex/hycolor/hycolor.sty) (/Users/priyanshutiwari/Library/TinyTeX/texmf-dist/tex/latex/hyperref/nameref.sty (/Users/priyanshutiwari/Library/TinyTeX/texmf-dist/tex/latex/refcount/refcount.sty) (/Users/priyanshutiwari/Library/TinyTeX/texmf-dist/tex/generic/gettitlestring/gettitlestring.sty (/Users/priyanshutiwari/Library/TinyTeX/texmf-dist/tex/latex/kvoptions/kvoptions.sty))) (/Users/priyanshutiwari/Library/TinyTeX/texmf-dist/tex/latex/etoolbox/etoolbox.sty) (/Users/priyanshutiwari/Library/TinyTeX/texmf-dist/tex/generic/stringenc/stringenc.sty) (/Users/priyanshutiwari/Library/TinyTeX/texmf-dist/tex/latex/hyperref/pd1enc.def) (/Users/priyanshutiwari/Library/TinyTeX/texmf-dist/tex/generic/intcalc/intcalc.sty) (/Users/priyanshutiwari/Library/TinyTeX/texmf-dist/tex/latex/hyperref/puenc.def) (/Users/priyanshutiwari/Library/TinyTeX/texmf-dist/tex/generic/bitset/bitset.sty (/Users/priyanshutiwari/Library/TinyTeX/texmf-dist/tex/generic/bigintcalc/bigintcalc.sty))) (/Users/priyanshutiwari/Library/TinyTeX/texmf-dist/tex/latex/hyperref/hpdftex.def (/Users/priyanshutiwari/Library/TinyTeX/texmf-dist/tex/latex/rerunfilecheck/rerunfilecheck.sty (/Users/priyanshutiwari/Library/TinyTeX/texmf-dist/tex/generic/uniquecounter/uniquecounter.sty)))) (/Users/priyanshutiwari/Library/TinyTeX/texmf-dist/tex/latex/base/makeidx.sty)
Writing index file Rd2.idx
(/Users/priyanshutiwari/Library/TinyTeX/texmf-dist/tex/latex/psnfss/t1ptm.fd) (/Users/priyanshutiwari/Library/TinyTeX/texmf-dist/tex/latex/l3backend/l3backend-pdftex.def)
No file Rd2.aux.
(/Users/priyanshutiwari/Library/TinyTeX/texmf-dist/tex/latex/inconsolata/t1zi4.fd) (/Users/priyanshutiwari/Library/TinyTeX/texmf-dist/tex/latex/amsfonts/umsa.fd) (/Users/priyanshutiwari/Library/TinyTeX/texmf-dist/tex/latex/amsfonts/umsb.fd)
No file Rd2.toc.
[1{/Users/priyanshutiwari/Library/TinyTeX/texmf-var/fonts/map/pdftex/updmap/pdftex.map}{/Users/priyanshutiwari/Library/TinyTeX/texmf-dist/fonts/enc/dvips/base/8r.enc}{/Users/priyanshutiwari/Library/TinyTeX/texmf-dist/fonts/enc/dvips/inconsolata/i4-t1-0.enc}] (/Users/priyanshutiwari/Library/TinyTeX/texmf-dist/tex/latex/psnfss/ts1ptm.fd)
Overfull \hbox (1.02858pt too wide) in paragraph at lines 62--63
[][][]\T1/zi4/m/n/10 price_arithmetic_asian_diffusion[][][][]\T1/ptm/m/n/10 : Ex-oge-nous dif-fu-sion arith-metic Asian (Monte Carlo) 
[2] [3] [4]
Overfull \hbox (105.51877pt too wide) in paragraph at lines 247--250
[]\T1/ptm/m/n/10 When []\T1/zi4/m/n/10 use_control_variate = TRUE[]\T1/ptm/m/n/10 , the ge-o-met-ric Asian dif-fu-sion closed-form from [][][]\T1/zi4/m/n/10 price_geometric_asian_diffusion[][][]
[5] [6] [7] [8] [9] [10] [11]
Overfull \hbox (49.14847pt too wide) in paragraph at lines 667--669
[]\T1/ptm/m/n/10 If []\T1/zi4/m/n/10 return_diagnostics = FALSE[]\T1/ptm/m/n/10 , re-turns a nu-meric value (the es-ti-mated op-tion price). If []\T1/zi4/m/n/10 return_diagnostics
[12] [13] (/Users/priyanshutiwari/Library/TinyTeX/texmf-dist/tex/latex/inconsolata/ts1zi4.fd) [14{/Users/priyanshutiwari/Library/TinyTeX/texmf-dist/fonts/enc/dvips/inconsolata/i4-ts1.enc}] [15]
No file Rd2.ind.
[16] (/private/var/folders/yg/_0zcbr0x7g396k4k85qhgqch0000gn/T/RtmpkMGnos/Rd2pdf1172f181c586d/Rd2.aux)

Package rerunfilecheck Warning: File `Rd2.out' has changed.
(rerunfilecheck)                Rerun to get outlines right
(rerunfilecheck)                or use package `bookmark'.

 )
(see the transcript file for additional information)</Users/priyanshutiwari/Library/TinyTeX/texmf-dist/fonts/type1/public/inconsolata/Inconsolata-zi4r.pfb></Users/priyanshutiwari/Library/TinyTeX/texmf-dist/fonts/type1/public/amsfonts/cm/cmex10.pfb></Users/priyanshutiwari/Library/TinyTeX/texmf-dist/fonts/type1/public/amsfonts/cm/cmmi10.pfb></Users/priyanshutiwari/Library/TinyTeX/texmf-dist/fonts/type1/public/amsfonts/cm/cmmi7.pfb></Users/priyanshutiwari/Library/TinyTeX/texmf-dist/fonts/type1/public/amsfonts/cm/cmr10.pfb></Users/priyanshutiwari/Library/TinyTeX/texmf-dist/fonts/type1/public/amsfonts/cm/cmr5.pfb></Users/priyanshutiwari/Library/TinyTeX/texmf-dist/fonts/type1/public/amsfonts/cm/cmr7.pfb></Users/priyanshutiwari/Library/TinyTeX/texmf-dist/fonts/type1/public/amsfonts/cm/cmsy10.pfb></Users/priyanshutiwari/Library/TinyTeX/texmf-dist/fonts/type1/public/amsfonts/cm/cmsy5.pfb></Users/priyanshutiwari/Library/TinyTeX/texmf-dist/fonts/type1/public/amsfonts/cm/cmsy7.pfb></Users/priyanshutiwari/Library/TinyTeX/texmf-dist/fonts/type1/urw/times/utmb8a.pfb></Users/priyanshutiwari/Library/TinyTeX/texmf-dist/fonts/type1/urw/times/utmr8a.pfb></Users/priyanshutiwari/Library/TinyTeX/texmf-dist/fonts/type1/urw/times/utmr8a.pfb></Users/priyanshutiwari/Library/TinyTeX/texmf-dist/fonts/type1/urw/times/utmri8a.pfb>
Output written on Rd2.pdf (16 pages, 198172 bytes).
Transcript written on Rd2.log.
This is makeindex, version 2.17 [TeX Live 2025] (kpathsea + Thai support).
Scanning input file Rd2.idx....done (25 entries accepted, 0 rejected).
Sorting entries....done (133 comparisons).
Generating output file Rd2.ind....done (45 lines written, 0 warnings).
Output written in Rd2.ind.
Transcript written in Rd2.ilg.
This is pdfTeX, Version 3.141592653-2.6-1.40.28 (TeX Live 2025) (preloaded format=pdflatex)
 restricted \write18 enabled.
entering extended mode
LaTeX2e <2025-11-01>
L3 programming layer <2025-10-24>
(./Rd2.tex
(/Users/priyanshutiwari/Library/TinyTeX/texmf-dist/tex/latex/base/book.cls
Document Class: book 2025/01/22 v1.4n Standard LaTeX document class
(/Users/priyanshutiwari/Library/TinyTeX/texmf-dist/tex/latex/base/bk10.clo)) (/Library/Frameworks/R.framework/Resources/share/texmf/tex/latex/Rd.sty (/Users/priyanshutiwari/Library/TinyTeX/texmf-dist/tex/latex/base/ifthen.sty) (/Users/priyanshutiwari/Library/TinyTeX/texmf-dist/tex/generic/iftex/iftex.sty) (/Users/priyanshutiwari/Library/TinyTeX/texmf-dist/tex/latex/tools/longtable.sty) (/Users/priyanshutiwari/Library/TinyTeX/texmf-dist/tex/latex/tools/bm.sty) (/Users/priyanshutiwari/Library/TinyTeX/texmf-dist/tex/latex/base/alltt.sty) (/Users/priyanshutiwari/Library/TinyTeX/texmf-dist/tex/latex/tools/verbatim.sty) (/Users/priyanshutiwari/Library/TinyTeX/texmf-dist/tex/latex/url/url.sty) (/Users/priyanshutiwari/Library/TinyTeX/texmf-dist/tex/latex/base/textcomp.sty) (/Users/priyanshutiwari/Library/TinyTeX/texmf-dist/tex/latex/amsmath/amsmath.sty
For additional information on amsmath, use the `?' option.
(/Users/priyanshutiwari/Library/TinyTeX/texmf-dist/tex/latex/amsmath/amstext.sty (/Users/priyanshutiwari/Library/TinyTeX/texmf-dist/tex/latex/amsmath/amsgen.sty)) (/Users/priyanshutiwari/Library/TinyTeX/texmf-dist/tex/latex/amsmath/amsbsy.sty) (/Users/priyanshutiwari/Library/TinyTeX/texmf-dist/tex/latex/amsmath/amsopn.sty)) (/Users/priyanshutiwari/Library/TinyTeX/texmf-dist/tex/latex/amsfonts/amsfonts.sty) (/Users/priyanshutiwari/Library/TinyTeX/texmf-dist/tex/latex/amsfonts/amssymb.sty) (/Users/priyanshutiwari/Library/TinyTeX/texmf-dist/tex/latex/amsfonts/eucal.sty) (/Users/priyanshutiwari/Library/TinyTeX/texmf-dist/tex/latex/base/fontenc.sty) (/Users/priyanshutiwari/Library/TinyTeX/texmf-dist/tex/latex/psnfss/times.sty) (/Users/priyanshutiwari/Library/TinyTeX/texmf-dist/tex/latex/inconsolata/zi4.sty `inconsolata-zi4' v1.12, 2019/05/17 Text macros for Inconsolata (msharpe) (/Users/priyanshutiwari/Library/TinyTeX/texmf-dist/tex/latex/xkeyval/xkeyval.sty (/Users/priyanshutiwari/Library/TinyTeX/texmf-dist/tex/generic/xkeyval/xkeyval.tex (/Users/priyanshutiwari/Library/TinyTeX/texmf-dist/tex/generic/xkeyval/xkvutils.tex (/Users/priyanshutiwari/Library/TinyTeX/texmf-dist/tex/generic/xkeyval/keyval.tex))))) (/Users/priyanshutiwari/Library/TinyTeX/texmf-dist/tex/latex/graphics/color.sty (/Users/priyanshutiwari/Library/TinyTeX/texmf-dist/tex/latex/graphics-cfg/color.cfg) (/Users/priyanshutiwari/Library/TinyTeX/texmf-dist/tex/latex/graphics-def/pdftex.def) (/Users/priyanshutiwari/Library/TinyTeX/texmf-dist/tex/latex/graphics/mathcolor.ltx)) (/Users/priyanshutiwari/Library/TinyTeX/texmf-dist/tex/latex/hyperref/hyperref.sty (/Users/priyanshutiwari/Library/TinyTeX/texmf-dist/tex/latex/kvsetkeys/kvsetkeys.sty) (/Users/priyanshutiwari/Library/TinyTeX/texmf-dist/tex/generic/kvdefinekeys/kvdefinekeys.sty) (/Users/priyanshutiwari/Library/TinyTeX/texmf-dist/tex/generic/pdfescape/pdfescape.sty (/Users/priyanshutiwari/Library/TinyTeX/texmf-dist/tex/generic/ltxcmds/ltxcmds.sty) (/Users/priyanshutiwari/Library/TinyTeX/texmf-dist/tex/generic/pdftexcmds/pdftexcmds.sty (/Users/priyanshutiwari/Library/TinyTeX/texmf-dist/tex/generic/infwarerr/infwarerr.sty))) (/Users/priyanshutiwari/Library/TinyTeX/texmf-dist/tex/latex/hycolor/hycolor.sty) (/Users/priyanshutiwari/Library/TinyTeX/texmf-dist/tex/latex/hyperref/nameref.sty (/Users/priyanshutiwari/Library/TinyTeX/texmf-dist/tex/latex/refcount/refcount.sty) (/Users/priyanshutiwari/Library/TinyTeX/texmf-dist/tex/generic/gettitlestring/gettitlestring.sty (/Users/priyanshutiwari/Library/TinyTeX/texmf-dist/tex/latex/kvoptions/kvoptions.sty))) (/Users/priyanshutiwari/Library/TinyTeX/texmf-dist/tex/latex/etoolbox/etoolbox.sty) (/Users/priyanshutiwari/Library/TinyTeX/texmf-dist/tex/generic/stringenc/stringenc.sty) (/Users/priyanshutiwari/Library/TinyTeX/texmf-dist/tex/latex/hyperref/pd1enc.def) (/Users/priyanshutiwari/Library/TinyTeX/texmf-dist/tex/generic/intcalc/intcalc.sty) (/Users/priyanshutiwari/Library/TinyTeX/texmf-dist/tex/latex/hyperref/puenc.def) (/Users/priyanshutiwari/Library/TinyTeX/texmf-dist/tex/generic/bitset/bitset.sty (/Users/priyanshutiwari/Library/TinyTeX/texmf-dist/tex/generic/bigintcalc/bigintcalc.sty))) (/Users/priyanshutiwari/Library/TinyTeX/texmf-dist/tex/latex/hyperref/hpdftex.def (/Users/priyanshutiwari/Library/TinyTeX/texmf-dist/tex/latex/rerunfilecheck/rerunfilecheck.sty (/Users/priyanshutiwari/Library/TinyTeX/texmf-dist/tex/generic/uniquecounter/uniquecounter.sty)))) (/Users/priyanshutiwari/Library/TinyTeX/texmf-dist/tex/latex/base/makeidx.sty)
Writing index file Rd2.idx
(/Users/priyanshutiwari/Library/TinyTeX/texmf-dist/tex/latex/psnfss/t1ptm.fd) (/Users/priyanshutiwari/Library/TinyTeX/texmf-dist/tex/latex/l3backend/l3backend-pdftex.def) (/private/var/folders/yg/_0zcbr0x7g396k4k85qhgqch0000gn/T/RtmpkMGnos/Rd2pdf1172f181c586d/Rd2.aux) (/private/var/folders/yg/_0zcbr0x7g396k4k85qhgqch0000gn/T/RtmpkMGnos/Rd2pdf1172f181c586d/Rd2.out) (/private/var/folders/yg/_0zcbr0x7g396k4k85qhgqch0000gn/T/RtmpkMGnos/Rd2pdf1172f181c586d/Rd2.out) (/Users/priyanshutiwari/Library/TinyTeX/texmf-dist/tex/latex/inconsolata/t1zi4.fd) (/Users/priyanshutiwari/Library/TinyTeX/texmf-dist/tex/latex/amsfonts/umsa.fd) (/Users/priyanshutiwari/Library/TinyTeX/texmf-dist/tex/latex/amsfonts/umsb.fd) (/private/var/folders/yg/_0zcbr0x7g396k4k85qhgqch0000gn/T/RtmpkMGnos/Rd2pdf1172f181c586d/Rd2.toc [1{/Users/priyanshutiwari/Library/TinyTeX/texmf-var/fonts/map/pdftex/updmap/pdftex.map}{/Users/priyanshutiwari/Library/TinyTeX/texmf-dist/fonts/enc/dvips/base/8r.enc}{/Users/priyanshutiwari/Library/TinyTeX/texmf-dist/fonts/enc/dvips/inconsolata/i4-t1-0.enc}]) (/Users/priyanshutiwari/Library/TinyTeX/texmf-dist/tex/latex/psnfss/ts1ptm.fd)
Overfull \hbox (1.02858pt too wide) in paragraph at lines 62--63
[][][]\T1/zi4/m/n/10 price_arithmetic_asian_diffusion[][][][]\T1/ptm/m/n/10 : Ex-oge-nous dif-fu-sion arith-metic Asian (Monte Carlo) 
[2] [3] [4]
Overfull \hbox (105.51877pt too wide) in paragraph at lines 247--250
[]\T1/ptm/m/n/10 When []\T1/zi4/m/n/10 use_control_variate = TRUE[]\T1/ptm/m/n/10 , the ge-o-met-ric Asian dif-fu-sion closed-form from [][][]\T1/zi4/m/n/10 price_geometric_asian_diffusion[][][]
[5] [6] [7] [8] [9] [10] [11]
Overfull \hbox (49.14847pt too wide) in paragraph at lines 667--669
[]\T1/ptm/m/n/10 If []\T1/zi4/m/n/10 return_diagnostics = FALSE[]\T1/ptm/m/n/10 , re-turns a nu-meric value (the es-ti-mated op-tion price). If []\T1/zi4/m/n/10 return_diagnostics
[12] [13] (/Users/priyanshutiwari/Library/TinyTeX/texmf-dist/tex/latex/inconsolata/ts1zi4.fd) [14{/Users/priyanshutiwari/Library/TinyTeX/texmf-dist/fonts/enc/dvips/inconsolata/i4-ts1.enc}] [15] (/private/var/folders/yg/_0zcbr0x7g396k4k85qhgqch0000gn/T/RtmpkMGnos/Rd2pdf1172f181c586d/Rd2.ind [16]

LaTeX Font Warning: Font shape `T1/zi4/m/it' undefined
(Font)              using `T1/zi4/m/n' instead on input line 10.

[17]) (/private/var/folders/yg/_0zcbr0x7g396k4k85qhgqch0000gn/T/RtmpkMGnos/Rd2pdf1172f181c586d/Rd2.aux)

LaTeX Font Warning: Some font shapes were not available, defaults substituted.


Package rerunfilecheck Warning: File `Rd2.out' has changed.
(rerunfilecheck)                Rerun to get outlines right
(rerunfilecheck)                or use package `bookmark'.

 )
(see the transcript file for additional information)</Users/priyanshutiwari/Library/TinyTeX/texmf-dist/fonts/type1/public/inconsolata/Inconsolata-zi4r.pfb></Users/priyanshutiwari/Library/TinyTeX/texmf-dist/fonts/type1/public/amsfonts/cm/cmex10.pfb></Users/priyanshutiwari/Library/TinyTeX/texmf-dist/fonts/type1/public/amsfonts/cm/cmmi10.pfb></Users/priyanshutiwari/Library/TinyTeX/texmf-dist/fonts/type1/public/amsfonts/cm/cmmi7.pfb></Users/priyanshutiwari/Library/TinyTeX/texmf-dist/fonts/type1/public/amsfonts/cm/cmr10.pfb></Users/priyanshutiwari/Library/TinyTeX/texmf-dist/fonts/type1/public/amsfonts/cm/cmr5.pfb></Users/priyanshutiwari/Library/TinyTeX/texmf-dist/fonts/type1/public/amsfonts/cm/cmr7.pfb></Users/priyanshutiwari/Library/TinyTeX/texmf-dist/fonts/type1/public/amsfonts/cm/cmsy10.pfb></Users/priyanshutiwari/Library/TinyTeX/texmf-dist/fonts/type1/public/amsfonts/cm/cmsy5.pfb></Users/priyanshutiwari/Library/TinyTeX/texmf-dist/fonts/type1/public/amsfonts/cm/cmsy7.pfb></Users/priyanshutiwari/Library/TinyTeX/texmf-dist/fonts/type1/urw/times/utmb8a.pfb></Users/priyanshutiwari/Library/TinyTeX/texmf-dist/fonts/type1/urw/times/utmr8a.pfb></Users/priyanshutiwari/Library/TinyTeX/texmf-dist/fonts/type1/urw/times/utmr8a.pfb></Users/priyanshutiwari/Library/TinyTeX/texmf-dist/fonts/type1/urw/times/utmri8a.pfb>
Output written on Rd2.pdf (17 pages, 201826 bytes).
Transcript written on Rd2.log.
This is makeindex, version 2.17 [TeX Live 2025] (kpathsea + Thai support).
Scanning input file Rd2.idx....done (25 entries accepted, 0 rejected).
Sorting entries....done (133 comparisons).
Generating output file Rd2.ind....done (45 lines written, 0 warnings).
Output written in Rd2.ind.
Transcript written in Rd2.ilg.
This is pdfTeX, Version 3.141592653-2.6-1.40.28 (TeX Live 2025) (preloaded format=pdflatex)
 restricted \write18 enabled.
entering extended mode
LaTeX2e <2025-11-01>
L3 programming layer <2025-10-24>
(./Rd2.tex
(/Users/priyanshutiwari/Library/TinyTeX/texmf-dist/tex/latex/base/book.cls
Document Class: book 2025/01/22 v1.4n Standard LaTeX document class
(/Users/priyanshutiwari/Library/TinyTeX/texmf-dist/tex/latex/base/bk10.clo)) (/Library/Frameworks/R.framework/Resources/share/texmf/tex/latex/Rd.sty (/Users/priyanshutiwari/Library/TinyTeX/texmf-dist/tex/latex/base/ifthen.sty) (/Users/priyanshutiwari/Library/TinyTeX/texmf-dist/tex/generic/iftex/iftex.sty) (/Users/priyanshutiwari/Library/TinyTeX/texmf-dist/tex/latex/tools/longtable.sty) (/Users/priyanshutiwari/Library/TinyTeX/texmf-dist/tex/latex/tools/bm.sty) (/Users/priyanshutiwari/Library/TinyTeX/texmf-dist/tex/latex/base/alltt.sty) (/Users/priyanshutiwari/Library/TinyTeX/texmf-dist/tex/latex/tools/verbatim.sty) (/Users/priyanshutiwari/Library/TinyTeX/texmf-dist/tex/latex/url/url.sty) (/Users/priyanshutiwari/Library/TinyTeX/texmf-dist/tex/latex/base/textcomp.sty) (/Users/priyanshutiwari/Library/TinyTeX/texmf-dist/tex/latex/amsmath/amsmath.sty
For additional information on amsmath, use the `?' option.
(/Users/priyanshutiwari/Library/TinyTeX/texmf-dist/tex/latex/amsmath/amstext.sty (/Users/priyanshutiwari/Library/TinyTeX/texmf-dist/tex/latex/amsmath/amsgen.sty)) (/Users/priyanshutiwari/Library/TinyTeX/texmf-dist/tex/latex/amsmath/amsbsy.sty) (/Users/priyanshutiwari/Library/TinyTeX/texmf-dist/tex/latex/amsmath/amsopn.sty)) (/Users/priyanshutiwari/Library/TinyTeX/texmf-dist/tex/latex/amsfonts/amsfonts.sty) (/Users/priyanshutiwari/Library/TinyTeX/texmf-dist/tex/latex/amsfonts/amssymb.sty) (/Users/priyanshutiwari/Library/TinyTeX/texmf-dist/tex/latex/amsfonts/eucal.sty) (/Users/priyanshutiwari/Library/TinyTeX/texmf-dist/tex/latex/base/fontenc.sty) (/Users/priyanshutiwari/Library/TinyTeX/texmf-dist/tex/latex/psnfss/times.sty) (/Users/priyanshutiwari/Library/TinyTeX/texmf-dist/tex/latex/inconsolata/zi4.sty `inconsolata-zi4' v1.12, 2019/05/17 Text macros for Inconsolata (msharpe) (/Users/priyanshutiwari/Library/TinyTeX/texmf-dist/tex/latex/xkeyval/xkeyval.sty (/Users/priyanshutiwari/Library/TinyTeX/texmf-dist/tex/generic/xkeyval/xkeyval.tex (/Users/priyanshutiwari/Library/TinyTeX/texmf-dist/tex/generic/xkeyval/xkvutils.tex (/Users/priyanshutiwari/Library/TinyTeX/texmf-dist/tex/generic/xkeyval/keyval.tex))))) (/Users/priyanshutiwari/Library/TinyTeX/texmf-dist/tex/latex/graphics/color.sty (/Users/priyanshutiwari/Library/TinyTeX/texmf-dist/tex/latex/graphics-cfg/color.cfg) (/Users/priyanshutiwari/Library/TinyTeX/texmf-dist/tex/latex/graphics-def/pdftex.def) (/Users/priyanshutiwari/Library/TinyTeX/texmf-dist/tex/latex/graphics/mathcolor.ltx)) (/Users/priyanshutiwari/Library/TinyTeX/texmf-dist/tex/latex/hyperref/hyperref.sty (/Users/priyanshutiwari/Library/TinyTeX/texmf-dist/tex/latex/kvsetkeys/kvsetkeys.sty) (/Users/priyanshutiwari/Library/TinyTeX/texmf-dist/tex/generic/kvdefinekeys/kvdefinekeys.sty) (/Users/priyanshutiwari/Library/TinyTeX/texmf-dist/tex/generic/pdfescape/pdfescape.sty (/Users/priyanshutiwari/Library/TinyTeX/texmf-dist/tex/generic/ltxcmds/ltxcmds.sty) (/Users/priyanshutiwari/Library/TinyTeX/texmf-dist/tex/generic/pdftexcmds/pdftexcmds.sty (/Users/priyanshutiwari/Library/TinyTeX/texmf-dist/tex/generic/infwarerr/infwarerr.sty))) (/Users/priyanshutiwari/Library/TinyTeX/texmf-dist/tex/latex/hycolor/hycolor.sty) (/Users/priyanshutiwari/Library/TinyTeX/texmf-dist/tex/latex/hyperref/nameref.sty (/Users/priyanshutiwari/Library/TinyTeX/texmf-dist/tex/latex/refcount/refcount.sty) (/Users/priyanshutiwari/Library/TinyTeX/texmf-dist/tex/generic/gettitlestring/gettitlestring.sty (/Users/priyanshutiwari/Library/TinyTeX/texmf-dist/tex/latex/kvoptions/kvoptions.sty))) (/Users/priyanshutiwari/Library/TinyTeX/texmf-dist/tex/latex/etoolbox/etoolbox.sty) (/Users/priyanshutiwari/Library/TinyTeX/texmf-dist/tex/generic/stringenc/stringenc.sty) (/Users/priyanshutiwari/Library/TinyTeX/texmf-dist/tex/latex/hyperref/pd1enc.def) (/Users/priyanshutiwari/Library/TinyTeX/texmf-dist/tex/generic/intcalc/intcalc.sty) (/Users/priyanshutiwari/Library/TinyTeX/texmf-dist/tex/latex/hyperref/puenc.def) (/Users/priyanshutiwari/Library/TinyTeX/texmf-dist/tex/generic/bitset/bitset.sty (/Users/priyanshutiwari/Library/TinyTeX/texmf-dist/tex/generic/bigintcalc/bigintcalc.sty))) (/Users/priyanshutiwari/Library/TinyTeX/texmf-dist/tex/latex/hyperref/hpdftex.def (/Users/priyanshutiwari/Library/TinyTeX/texmf-dist/tex/latex/rerunfilecheck/rerunfilecheck.sty (/Users/priyanshutiwari/Library/TinyTeX/texmf-dist/tex/generic/uniquecounter/uniquecounter.sty)))) (/Users/priyanshutiwari/Library/TinyTeX/texmf-dist/tex/latex/base/makeidx.sty)
Writing index file Rd2.idx
(/Users/priyanshutiwari/Library/TinyTeX/texmf-dist/tex/latex/psnfss/t1ptm.fd) (/Users/priyanshutiwari/Library/TinyTeX/texmf-dist/tex/latex/l3backend/l3backend-pdftex.def) (/private/var/folders/yg/_0zcbr0x7g396k4k85qhgqch0000gn/T/RtmpkMGnos/Rd2pdf1172f181c586d/Rd2.aux) (/private/var/folders/yg/_0zcbr0x7g396k4k85qhgqch0000gn/T/RtmpkMGnos/Rd2pdf1172f181c586d/Rd2.out) (/private/var/folders/yg/_0zcbr0x7g396k4k85qhgqch0000gn/T/RtmpkMGnos/Rd2pdf1172f181c586d/Rd2.out) (/Users/priyanshutiwari/Library/TinyTeX/texmf-dist/tex/latex/inconsolata/t1zi4.fd) (/Users/priyanshutiwari/Library/TinyTeX/texmf-dist/tex/latex/amsfonts/umsa.fd) (/Users/priyanshutiwari/Library/TinyTeX/texmf-dist/tex/latex/amsfonts/umsb.fd) (/private/var/folders/yg/_0zcbr0x7g396k4k85qhgqch0000gn/T/RtmpkMGnos/Rd2pdf1172f181c586d/Rd2.toc [1{/Users/priyanshutiwari/Library/TinyTeX/texmf-var/fonts/map/pdftex/updmap/pdftex.map}{/Users/priyanshutiwari/Library/TinyTeX/texmf-dist/fonts/enc/dvips/base/8r.enc}{/Users/priyanshutiwari/Library/TinyTeX/texmf-dist/fonts/enc/dvips/inconsolata/i4-t1-0.enc}]) (/Users/priyanshutiwari/Library/TinyTeX/texmf-dist/tex/latex/psnfss/ts1ptm.fd)
Overfull \hbox (1.02858pt too wide) in paragraph at lines 62--63
[][][]\T1/zi4/m/n/10 price_arithmetic_asian_diffusion[][][][]\T1/ptm/m/n/10 : Ex-oge-nous dif-fu-sion arith-metic Asian (Monte Carlo) 
[2] [3] [4]
Overfull \hbox (105.51877pt too wide) in paragraph at lines 247--250
[]\T1/ptm/m/n/10 When []\T1/zi4/m/n/10 use_control_variate = TRUE[]\T1/ptm/m/n/10 , the ge-o-met-ric Asian dif-fu-sion closed-form from [][][]\T1/zi4/m/n/10 price_geometric_asian_diffusion[][][]
[5] [6] [7] [8] [9] [10] [11]
Overfull \hbox (49.14847pt too wide) in paragraph at lines 667--669
[]\T1/ptm/m/n/10 If []\T1/zi4/m/n/10 return_diagnostics = FALSE[]\T1/ptm/m/n/10 , re-turns a nu-meric value (the es-ti-mated op-tion price). If []\T1/zi4/m/n/10 return_diagnostics
[12] [13] (/Users/priyanshutiwari/Library/TinyTeX/texmf-dist/tex/latex/inconsolata/ts1zi4.fd) [14{/Users/priyanshutiwari/Library/TinyTeX/texmf-dist/fonts/enc/dvips/inconsolata/i4-ts1.enc}] [15] (/private/var/folders/yg/_0zcbr0x7g396k4k85qhgqch0000gn/T/RtmpkMGnos/Rd2pdf1172f181c586d/Rd2.ind [16]

LaTeX Font Warning: Font shape `T1/zi4/m/it' undefined
(Font)              using `T1/zi4/m/n' instead on input line 10.

[17]) (/private/var/folders/yg/_0zcbr0x7g396k4k85qhgqch0000gn/T/RtmpkMGnos/Rd2pdf1172f181c586d/Rd2.aux)

LaTeX Font Warning: Some font shapes were not available, defaults substituted.

 )
(see the transcript file for additional information)</Users/priyanshutiwari/Library/TinyTeX/texmf-dist/fonts/type1/public/inconsolata/Inconsolata-zi4r.pfb></Users/priyanshutiwari/Library/TinyTeX/texmf-dist/fonts/type1/public/amsfonts/cm/cmex10.pfb></Users/priyanshutiwari/Library/TinyTeX/texmf-dist/fonts/type1/public/amsfonts/cm/cmmi10.pfb></Users/priyanshutiwari/Library/TinyTeX/texmf-dist/fonts/type1/public/amsfonts/cm/cmmi7.pfb></Users/priyanshutiwari/Library/TinyTeX/texmf-dist/fonts/type1/public/amsfonts/cm/cmr10.pfb></Users/priyanshutiwari/Library/TinyTeX/texmf-dist/fonts/type1/public/amsfonts/cm/cmr5.pfb></Users/priyanshutiwari/Library/TinyTeX/texmf-dist/fonts/type1/public/amsfonts/cm/cmr7.pfb></Users/priyanshutiwari/Library/TinyTeX/texmf-dist/fonts/type1/public/amsfonts/cm/cmsy10.pfb></Users/priyanshutiwari/Library/TinyTeX/texmf-dist/fonts/type1/public/amsfonts/cm/cmsy5.pfb></Users/priyanshutiwari/Library/TinyTeX/texmf-dist/fonts/type1/public/amsfonts/cm/cmsy7.pfb></Users/priyanshutiwari/Library/TinyTeX/texmf-dist/fonts/type1/urw/times/utmb8a.pfb></Users/priyanshutiwari/Library/TinyTeX/texmf-dist/fonts/type1/urw/times/utmr8a.pfb></Users/priyanshutiwari/Library/TinyTeX/texmf-dist/fonts/type1/urw/times/utmr8a.pfb></Users/priyanshutiwari/Library/TinyTeX/texmf-dist/fonts/type1/urw/times/utmri8a.pfb>
Output written on Rd2.pdf (17 pages, 202206 bytes).
Transcript written on Rd2.log.
Saving output to ‘AsianOption-manual.pdf’ ...
Done
You may want to clean up by 'rm -Rf /var/folders/yg/_0zcbr0x7g396k4k85qhgqch0000gn/T//RtmpkMGnos/Rd2pdf1172f181c586d'
